<html>
<body>
<pre>
<h1>礦ision Build Log</h1>
<h2>Tool Versions:</h2>
IDE-Version: μVision V5.18.0.0
Copyright (C) 2016 ARM Ltd and ARM Germany GmbH. All rights reserved.
License Information: jj Administrator, jj, LIC=65ISZ-J71JQ-JJY6S-LZLFV-6KJDQ-8DB0H
 
Tool Versions:
Toolchain:       MDK-ARM Plus  Version: 5.14.0.0
Toolchain Path:  d:\Keil_v5\ARM\ARMCC\Bin
C Compiler:      Armcc.exe V5.05 update 1 (build 106)
Assembler:       Armasm.exe V5.05 update 1 (build 106)
Linker/Locator:  ArmLink.exe V5.05 update 1 (build 106)
Library Manager: ArmAr.exe V5.05 update 1 (build 106)
Hex Converter:   FromElf.exe V5.05 update 1 (build 106)
CPU DLL:         SARMCM3.DLL V5.14.0.0
Dialog DLL:      DARMSTM.DLL V1.65.0.0
Target DLL:      Segger\JL2CM3.dll V2.99.13.0
Dialog DLL:      TARMSTM.DLL V1.64.0.0
 
<h2>Project:</h2>
D:\BaiduNetdiskDownload\ADC-1256模块\ADC-1256模块\LC-ADC-1256\参考程序\51&&STM32 8位串口显示程序\STM32软件模拟SPI\Project\STM32.uvproj
Project File Date:  11/07/2016

<h2>Output:</h2>
*** Using Compiler 'V5.05 update 1 (build 106)', folder: 'd:\Keil_v5\ARM\ARMCC\Bin'
Rebuild target 'STM32F103XX'
compiling misc.c...
compiling common.c...
compiling systemconfig.c...
compiling stm32f10x_crc.c...
compiling stm32f10x_cec.c...
compiling stm32f10x_it.c...
compiling stm32f10x_bkp.c...
compiling main.c...
compiling stm32f10x_dac.c...
compiling stm32f10x_adc.c...
compiling stm32f10x_can.c...
compiling stm32f10x_dbgmcu.c...
compiling stm32f10x_dma.c...
compiling stm32f10x_iwdg.c...
compiling stm32f10x_pwr.c...
compiling stm32f10x_gpio.c...
compiling stm32f10x_exti.c...
compiling stm32f10x_rtc.c...
compiling stm32f10x_i2c.c...
compiling stm32f10x_fsmc.c...
compiling stm32f10x_flash.c...
compiling stm32f10x_rcc.c...
assembling startup_stm32f10x_md.s...
compiling core_cm3.c...
compiling stm32f10x_sdio.c...
compiling stm32f10x_spi.c...
compiling stm32f10x_wwdg.c...
compiling stm32f10x_usart.c...
compiling system_stm32f10x.c...
compiling ADS1256.C...
compiling stm32f10x_tim.c...
linking...
Program Size: Code=10184 RO-data=444 RW-data=52 ZI-data=1636  
FromELF: creating hex file...
".\OBJ\STM32F103RBT6.axf" - 0 Error(s), 0 Warning(s).
Build Time Elapsed:  00:00:02
</pre>
</body>
</html>
